[
["1", "https:\/\/1.grgs.ro\/images\/products\/1\/1510154\/1602894\/normal\/173-probook-470-g5-fhd-procesor-intel-core-i5-8250u-6m-cache-up-to-340-ghz-8gb-ddr4-256gb-ssd-geforce-930mx-2gb-fingerprint-reader-win-10-pro-9099ba0e52d4e1330dd68f2d1b8f0e94.jpg"],
["2", "https:\/\/5.grgs.ro\/images\/products\/1\/6599\/1840940\/normal\/156-255-g7-fhd-procesor-amd-ryzen-3-2200u-4m-cache-up-to-340-ghz-8gb-ddr4-256gb-ssd-radeon-vega-3-freedos-dark-ash-silver-11c3353ca9092948e841ad4bbf0b7a30.jpg"],
["3", "https:\/\/5.grgs.ro\/images\/products\/1\/753\/1819904\/normal\/156-probook-450-g6-fhd-procesor-intel-core-i7-8565u-8m-cache-up-to-460-ghz-16gb-ddr4-256gb-ssd-geforce-mx-130-2gb-freedos-silver-62249f898d01d6b74e27819dbcbb4989.jpg"],
["4", "https:\/\/4.grgs.ro\/images\/products\/1\/6599\/1951382\/normal\/156-255-g7-fhd-procesor-amd-ryzen-3-2200u-4m-cache-up-to-340-ghz-8gb-ddr4-256gb-ssd-radeon-vega-3-freedos-dark-ash-silver-11c3353ca9092948e841ad4bbf0b7a30.jpg"],
["5", "https:\/\/1.grgs.ro\/images\/products\/1\/1510154\/1602866\/normal\/173-probook-470-g5-fhd-procesor-intel-core-i5-8250u-6m-cache-up-to-340-ghz-8gb-ddr4-256gb-ssd-geforce-930mx-2gb-fingerprint-reader-win-10-pro-9099ba0e52d4e1330dd68f2d1b8f0e94.jpg"],
["6", "https:\/\/2.grgs.ro\/images\/products\/1\/753\/1819976\/normal\/156-probook-450-g6-fhd-procesor-intel-core-i5-8265u-6m-cache-up-to-390-ghz-8gb-ddr4-1tb-gma-uhd-620-freedos-silver-8acea19bed97f269a28fe2559741a2ce.jpg"],
["7", "https:\/\/3.grgs.ro\/images\/products\/1\/1510154\/1667296\/normal\/173-probook-470-g5-fhd-procesor-intel-core-i5-8250u-6m-cache-up-to-340-ghz-8gb-ddr4-256gb-ssd-geforce-930mx-2gb-fingerprint-reader-win-10-pro-9099ba0e52d4e1330dd68f2d1b8f0e94.jpg"],
["8", "https:\/\/5.grgs.ro\/images\/products\/1\/1510154\/1624282\/normal\/173-probook-470-g5-fhd-procesor-intel-core-i5-8250u-6m-cache-up-to-340-ghz-8gb-ddr4-256gb-ssd-geforce-930mx-2gb-fingerprint-reader-win-10-pro-9099ba0e52d4e1330dd68f2d1b8f0e94.jpg"],
["9", "https:\/\/5.grgs.ro\/images\/products\/1\/1510154\/1667292\/normal\/173-probook-470-g5-fhd-procesor-intel-core-i5-8250u-6m-cache-up-to-340-ghz-8gb-ddr4-256gb-ssd-geforce-930mx-2gb-fingerprint-reader-win-10-pro-9099ba0e52d4e1330dd68f2d1b8f0e94.jpg"],
["10", "https:\/\/5.grgs.ro\/images\/products\/1\/753\/1822012\/normal\/156-probook-450-g6-fhd-procesor-intel-core-i5-8265u-6m-cache-up-to-390-ghz-8gb-ddr4-1tb-gma-uhd-620-freedos-silver-21467217383ae174adcb16aaa3eaf08e.jpg"],
["11", "https:\/\/2.grgs.ro\/images\/products\/1\/1960570\/1963102\/normal\/gaming-156-pavilion-15-ec0003nq-fhd-procesor-amd-ryzen-5-3550h-4m-cache-up-to-370-ghz-8gb-ddr4-1tb-7200-rpm-plus-128gb-ssd-geforce-gtx-1650-4gb-freedo-9c6d24e0e65c6ccc7aeb7bf0ddbf09fd.jpg"],
["12", "https:\/\/5.grgs.ro\/images\/products\/1\/1844684\/1963346\/normal\/gaming-156-omen-15-dc1047nq-fhd-ips-procesor-intel-core-i5-9300h-8m-cache-up-to-410-ghz-8gb-ddr4-512gb-ssd-geforce-gtx-1650-4gb-freedos-shadow-black-bacfc1169802897c3bcd0b84ba86eba8.jpg"],
["13", "https:\/\/5.grgs.ro\/images\/products\/1\/6835\/1963298\/normal\/gaming-156-pavilion-15-dk0004nq-fhd-procesor-intel-core-i7-9750h-12m-cache-up-to-450-ghz-8gb-ddr4-1tb-plus-128gb-ssd-geforce-gtx-1650-4gb-freedos-blac-1b4fdc437a94a15b5fa5938993956b5e.jpg"],
["14", "https:\/\/2.grgs.ro\/images\/products\/1\/1960570\/1964138\/normal\/gaming-156-pavilion-15-ec0003nq-fhd-procesor-amd-ryzen-5-3550h-4m-cache-up-to-370-ghz-8gb-ddr4-1tb-7200-rpm-plus-128gb-ssd-geforce-gtx-1650-4gb-freedo-77808542dea6a1581dc8318fd47d9499.jpg"],
["15", "https:\/\/5.grgs.ro\/images\/products\/1\/6835\/1963338\/normal\/gaming-156-pavilion-15-dk0029nq-fhd-ips-procesor-intel-core-i5-9300h-8m-cache-up-to-410-ghz-16gb-ddr4-512gb-ssd-geforce-gtx-1650-4gb-freedos-shadow-bl-552ab5ba536e3beb9272c27e126d3303.jpg"],
["16", "https:\/\/2.grgs.ro\/images\/products\/1\/1960570\/1970514\/normal\/gaming-156-pavilion-15-ec0003nq-fhd-procesor-amd-ryzen-5-3550h-4m-cache-up-to-370-ghz-8gb-ddr4-1tb-7200-rpm-plus-128gb-ssd-geforce-gtx-1650-4gb-freedo-9c6d24e0e65c6ccc7aeb7bf0ddbf09fd.jpg"],
["17", "https:\/\/1.grgs.ro\/images\/products\/1\/6835\/1962478\/normal\/gaming-156-pavilion-15-dk0004nq-fhd-procesor-intel-core-i7-9750h-12m-cache-up-to-450-ghz-8gb-ddr4-1tb-plus-128gb-ssd-geforce-gtx-1650-4gb-freedos-blac-1b4fdc437a94a15b5fa5938993956b5e.jpg"],
["18", "https:\/\/1.grgs.ro\/images\/products\/1\/6835\/1939442\/normal\/gaming-156-omen-x-fhd-ips-144hz-procesor-intel-core-i7-9750h-12m-cache-up-to-450-ghz-32gb-ddr4-512gb-ssd-plus-32gg-intel-optane-geforce-rtx-2080-8gb-w-d983e13df8169e99072a6d7a81c49c90.jpg"],
["19", "https:\/\/3.grgs.ro\/images\/products\/1\/1261\/1963106\/normal\/gaming-156-omen-15-dh0010nq-fhd-ips-144hz-procesor-intel-core-i7-9750h-12m-cache-up-to-450-ghz-16gb-ddr4-1tb-7200-rpm-plus-512gb-ssd-geforce-rtx-2070--7324ba0a4a3b8d997e7342b472737be8.jpg"],
["20", "https:\/\/4.grgs.ro\/images\/products\/1\/1953966\/1963098\/normal\/gaming-156-omen-15-dc1036nq-fhd-ips-procesor-intel-core-i7-9750h-12m-cache-up-to-450-ghz-8gb-ddr4-512gb-ssd-geforce-gtx-1660-ti-6gb-freedos-black-842dd5f01efb453e59cd52d582b3c5b7.jpg"],
["21", "https:\/\/2.grgs.ro\/images\/products\/1\/1202\/1903726\/normal\/156-vostro-3584-seria-3000-fhd-procesor-intel-core-i3-7020u-3m-cache-230-ghz-8gb-ddr4-256gb-ssd-gma-hd-620-linux-black-3yr-cis-9694fc29fe468b126d67e5c67fb4c54c.jpg"],
["22", "https:\/\/1.grgs.ro\/images\/products\/1\/1684696\/1836876\/normal\/156-vostro-3580-seria-3000-fhd-procesor-intel-core-i7-8565u-8m-cache-up-to-460-ghz-8gb-ddr4-256gb-ssd-radeon-520-2gb-win-10-pro-black-3yr-cis-916aa66e8a007a734ea9ff95a8331968.jpg"],
["23", "https:\/\/5.grgs.ro\/images\/products\/1\/1427502\/1502298\/normal\/156-quot-vostro-5568-seria-5000-fhd-procesor-intel-core-i7-7500u-4m-cache-up-to-350-ghz-8gb-ddr4-256gb-ssd-geforce-940mx-4gb-linux-gray-3yr-654a6dbefdcb046b95225e0a038926b1.jpg"],
["24", "https:\/\/1.grgs.ro\/images\/products\/1\/370411\/1977262\/normal\/14-vostro-3490-seria-3000-fhd-procesor-intel-core-i5-10210u-6m-cache-up-to-410-ghz-8gb-ddr4-256gb-ssd-gma-uhd-linux-black-3yr-cis-3956df3fc79d26eee6b5908062d5bc52.jpg"],
["25", "https:\/\/2.grgs.ro\/images\/products\/1\/1202\/1969534\/normal\/156-vostro-3584-seria-3000-fhd-procesor-intel-core-i3-7020u-3m-cache-230-ghz-8gb-ddr4-256gb-ssd-gma-hd-620-linux-black-3yr-cis-194eeaa36700adf4048c553c91acc26b.jpg"],
["26", "https:\/\/2.grgs.ro\/images\/products\/1\/6472\/1977282\/normal\/156-vostro-5590-seria-5000-fhd-procesor-intel-core-i7-10510u-processor-8m-cache-up-to-490-ghz-8gb-ddr4-512gb-ssd-geforce-mx250-2gb-linux-grey-3yr-on-s-e603621fb3a88df59b644a0902dad1cf.jpg"],
["27", "https:\/\/1.grgs.ro\/images\/products\/1\/6472\/1980486\/normal\/156-vostro-3590-seria-3000-fhd-procesor-intel-core-i5-10210u-6m-cache-up-to-410-ghz-8gb-ddr4-256gb-ssd-gma-uhd-linux-black-3yr-cis-1088251c51d014477cec899ce1fac96a.jpg"],
["28", "https:\/\/4.grgs.ro\/images\/products\/1\/6472\/1980502\/normal\/156-vostro-3590-seria-3000-fhd-procesor-intel-core-i5-10210u-6m-cache-up-to-410-ghz-8gb-ddr4-256gb-ssd-gma-uhd-linux-black-3yr-cis-6b1ffd09378529c063578b405282a321.jpg"],
["29", "https:\/\/2.grgs.ro\/images\/products\/1\/1202\/1974326\/normal\/14-vostro-3480-seria-3000-fhd-procesor-intel-core-i5-8265u-6m-cache-up-to-390-ghz-8gb-ddr4-256gb-ssd-gmas-uhd-620-win-10-pro-black-3yr-cis-2fba05c10994217c20b1fe5aa653465e.jpg"],
["30", "https:\/\/1.grgs.ro\/images\/products\/1\/6472\/1982378\/normal\/156-vostro-5590-seria-5000-fhd-procesor-intel-core-i7-10510u-processor-8m-cache-up-to-490-ghz-8gb-ddr4-512gb-ssd-geforce-mx250-2gb-linux-grey-3yr-on-s-e603621fb3a88df59b644a0902dad1cf.jpg"],
["31", "https:\/\/3.grgs.ro\/images\/products\/1\/1692136\/1720316\/normal\/gaming-156-g5-5587-fhd-procesor-intel-core-i5-8300h-8m-cache-up-to-400-ghz-8gb-ddr4-1tb-plus-128gb-ssd-geforce-gtx-1050-ti-4gb-linux-black-3yr-cis-7f2497ad568b8a1ba685e8a7f376a227.jpg"],
["32", "https:\/\/3.grgs.ro\/images\/products\/1\/1692136\/1746396\/normal\/gaming-173-g3-3779-fhd-procesor-intel-core-i7-8750h-9m-cache-up-to-410-ghz-8gb-ddr4-1tb-plus-128gb-ssd-geforce-gtx-1050-ti-4gb-linux-black-3yr-cis-6f734e5ba5be98e137be762b2406dad4.jpg"],
["33", "https:\/\/5.grgs.ro\/images\/products\/1\/1692136\/1752624\/normal\/gaming-173-g3-3779-fhd-procesor-intel-core-i7-8750h-9m-cache-up-to-410-ghz-8gb-ddr4-1tb-plus-128gb-ssd-geforce-gtx-1050-ti-4gb-linux-black-3yr-cis-6f734e5ba5be98e137be762b2406dad4.jpg"],
["34", "https:\/\/4.grgs.ro\/images\/products\/1\/1848774\/1850262\/normal\/gaming-173-g7-7790-fhd-ips-procesor-intel-core-i7-8750h-9m-cache-up-to-410-ghz-16gb-ddr4-1tb-plus-256gb-ssd-geforce-rtx-2060-6gb-win-10-home-grey-blac-10a6c5e3f7c112940ba8604aafe0ab41.jpg"],
["35", "https:\/\/1.grgs.ro\/images\/products\/1\/1692136\/1746400\/normal\/gaming-173-g3-3779-fhd-procesor-intel-core-i7-8750h-9m-cache-up-to-410-ghz-16gb-ddr4-1tb-plus-128gb-ssd-geforce-gtx-1050-ti-4gb-win-10-home-3yr-cis-1612ef6bf20ae405b6c4d948db991bb2.jpg"],
["36", "https:\/\/2.grgs.ro\/images\/products\/1\/1692136\/1776444\/normal\/gaming-173-g3-3779-fhd-procesor-intel-core-i7-8750h-9m-cache-up-to-410-ghz-8gb-ddr4-1tb-plus-128gb-ssd-geforce-gtx-1050-ti-4gb-linux-black-3yr-cis-6f734e5ba5be98e137be762b2406dad4.jpg"],
["37", "https:\/\/1.grgs.ro\/images\/products\/1\/8486\/1976514\/normal\/gaming-156-g3-3590-fhd-procesor-intel-core-i5-9300h-8m-cache-up-to-410-ghz-8gb-ddr4-512gb-ssd-geforce-gtx-1650-4gb-win-10-pro-black-3yr-cis-761f4d3db5cffb2d577af59b1b468a80.jpg"],
["38", "https:\/\/2.grgs.ro\/images\/products\/1\/8486\/1977754\/normal\/gaming-156-g3-3590-fhd-procesor-intel-core-i5-9300h-8m-cache-up-to-410-ghz-8gb-ddr4-512gb-ssd-geforce-gtx-1650-4gb-win-10-pro-black-3yr-cis-761f4d3db5cffb2d577af59b1b468a80.jpg"],
["39", "https:\/\/5.grgs.ro\/images\/products\/1\/8486\/1976506\/normal\/gaming-156-g3-3590-fhd-procesor-intel-core-i5-9300h-8m-cache-up-to-410-ghz-8gb-ddr4-512gb-ssd-geforce-gtx-1650-4gb-win-10-pro-black-3yr-cis-761f4d3db5cffb2d577af59b1b468a80.jpg"],
["40", "https:\/\/1.grgs.ro\/images\/products\/1\/1236\/1928634\/normal\/gaming-156-g5-5590-fhd-procesor-intel-core-i7-8750h-9m-cache-up-to-410-ghz-8gb-ddr4-1tb-plus-128gb-ssd-geforce-rtx-2060-6gb-win-10-home-black-3yr-cis-46af049b7b19a5f057daf404ac5595e4.jpg"],
["41", "https:\/\/3.grgs.ro\/images\/products\/1\/1703884\/1754152\/normal\/15-v130-ikb-fhd-procesor-intel-core-i5-7200u-3m-cache-up-to-310-ghz-4gb-ddr4-1tb-radeon-530-2gb-freedos-iron-grey-7b02bbeffe4af55031ca0c059df70c00.jpg"],
["42", "https:\/\/4.grgs.ro\/images\/products\/1\/1802236\/1804112\/normal\/156-thinkpad-e590-fhd-ips-procesor-intel-core-i5-8265u-6m-cache-up-to-390-ghz-8gb-ddr4-256gb-ssd-gma-uhd-620-no-os-black-be7f2855692ddf01615ecc7f01e8c31e.jpg"],
["43", "https:\/\/1.grgs.ro\/images\/products\/1\/1703884\/1766252\/normal\/15-v130-ikb-fhd-procesor-intel-core-i5-7200u-3m-cache-up-to-310-ghz-4gb-ddr4-1tb-radeon-530-2gb-freedos-iron-grey-7b02bbeffe4af55031ca0c059df70c00.jpg"],
["44", "https:\/\/2.grgs.ro\/images\/products\/1\/1703884\/1710752\/normal\/15-v130-ikb-fhd-procesor-intel-core-i5-7200u-3m-cache-up-to-310-ghz-4gb-ddr4-1tb-radeon-530-2gb-freedos-iron-grey-7b02bbeffe4af55031ca0c059df70c00.jpg"],
["45", "https:\/\/1.grgs.ro\/images\/products\/1\/1802236\/1929358\/normal\/156-thinkpad-e590-fhd-ips-procesor-intel-core-i7-8565u-8m-cache-up-to-460-ghz-8gb-ddr4-256gb-ssd-radeon-rx-550x-2gb-freedos-black-8ce945a5db6a48f59a0a32228e58dba6.jpg"],
["46", "https:\/\/3.grgs.ro\/images\/products\/1\/1684696\/1859966\/normal\/156-v330-ikb-fhd-procesor-intel-core-i5-8250u-6m-cache-up-to-340-ghz-8gb-ddr4-500gb-gma-uhd-620-no-os-iron-gray-a015ceb91766e853d4939cb3129623e9.jpg"],
["47", "https:\/\/2.grgs.ro\/images\/products\/1\/1703884\/1855842\/normal\/15-v130-ikb-fhd-procesor-intel-core-i5-7200u-3m-cache-up-to-310-ghz-4gb-ddr4-1tb-radeon-530-2gb-freedos-iron-grey-7b02bbeffe4af55031ca0c059df70c00.jpg"],
["48", "https:\/\/5.grgs.ro\/images\/products\/1\/1977958\/1979158\/normal\/156-thinkbook-15-iml-fhd-ips-procesor-intel-core-i5-10210u-6m-cache-up-to-410-ghz-8gb-ddr4-256gb-ssd-gma-uhd-no-os-mineral-gray-9610c3485c7dea639f11af503a78b36f.jpg"],
["49", "https:\/\/2.grgs.ro\/images\/products\/1\/1692296\/1788904\/normal\/14-v330-ikb-fhd-procesor-intel-core-i5-8250u-6m-cache-up-to-340-ghz-8gb-ddr4-256gb-ssd-gma-uhd-620-win-10-pro-iron-gray-da7543560a7b709add05877570132097.jpg"],
["50", "https:\/\/2.grgs.ro\/images\/products\/1\/1692296\/1788904\/normal\/14-v330-ikb-fhd-procesor-intel-core-i5-8250u-6m-cache-up-to-340-ghz-8gb-ddr4-256gb-ssd-gma-uhd-620-win-10-pro-iron-gray-da7543560a7b709add05877570132097.jpg"],
["51", "https:\/\/3.grgs.ro\/images\/products\/1\/8674\/1729760\/normal\/gaming-156-legion-y530-fhd-ips-procesor-intel-core-i7-8750h-9m-cache-up-to-410-ghz-8gb-ddr4-1tb-7200-rpm-geforce-gtx-1050-ti-4gb-freedos-black-e6c1de62e8157f0387a5192ed196ef15.jpg"],
["52", "https:\/\/3.grgs.ro\/images\/products\/1\/8674\/1767216\/normal\/gaming-156-legion-y530-fhd-ips-144hz-procesor-intel-core-i5-8300h-8m-cache-up-to-400-ghz-8gb-ddr4-1tb-7200-rpm-plus-128gb-ssd-geforce-gtx-1060-6gb-fre-958145d8cc33b7cb1e456f4f1a5d8030.jpg"],
["53", "https:\/\/1.grgs.ro\/images\/products\/1\/6622\/1934398\/normal\/gaming-173-legion-y540-fhd-ips-procesor-intel-core-i7-9750h-12m-cache-up-to-450-ghz-16gb-ddr4-512gb-ssd-geforce-gtx-1660-ti-6gb-freedos-black-5626134c38f54ef7a3990a7928062d19.jpg"],
["54", "https:\/\/1.grgs.ro\/images\/products\/1\/8629\/1924610\/normal\/gaming-156-legion-y7000-fhd-ips-procesor-intel-core-i5-9300h-8m-cache-up-to-410-ghz-8gb-ddr4-256gb-ssd-geforce-gtx-1650-4gb-freedos-black-61d681c3401ab4841428b295c1de7d0d.jpg"],
["55", "https:\/\/1.grgs.ro\/images\/products\/1\/8629\/1924706\/normal\/gaming-156-legion-y540-fhd-ips-144hz-procesor-intel-core-i5-9300h-8m-cache-up-to-410-ghz-8gb-ddr4-512gb-ssd-geforce-rtx-2060-6gb-freedos-black-d58d823fcdc50b3731c9e9d411ff5353.jpg"],
["56", "https:\/\/3.grgs.ro\/images\/products\/1\/8629\/1928414\/normal\/gaming-156-legion-y540-fhd-ips-procesor-intel-core-i7-9750h-12m-cache-up-to-450-ghz-8gb-ddr4-512gb-ssd-geforce-gtx-1660-ti-6gb-freedos-black-f0a43ee0fcfca7f2ec37a4036e34c7ab.jpg"],
["57", "https:\/\/1.grgs.ro\/images\/products\/1\/6622\/1929562\/normal\/gaming-173-legion-y540-fhd-ips-procesor-intel-core-i7-9750h-12m-cache-up-to-450-ghz-16gb-ddr4-512gb-ssd-geforce-gtx-1660-ti-6gb-freedos-black-5626134c38f54ef7a3990a7928062d19.jpg"],
["58", "https:\/\/5.grgs.ro\/images\/products\/1\/8629\/1924618\/normal\/gaming-156-legion-y7000-fhd-ips-procesor-intel-core-i7-9750h-12m-cache-up-to-450-ghz-8gb-ddr4-256gb-ssd-geforce-gtx-1650-4gb-freedos-black-5d130071215d03c4686c05a1975b4649.jpg"],
["59", "https:\/\/1.grgs.ro\/images\/products\/1\/6622\/1928998\/normal\/gaming-156-ideapad-l340-fhd-procesor-intel-core-i5-9300h-8m-cache-up-to-410-ghz-8gb-ddr4-1tb-plus-128gb-ssd-gtx-1050-3gb-freedos-black-d852ccec97b5caaef9be22a80d129e4b.jpg"],
["60", "https:\/\/1.grgs.ro\/images\/products\/1\/8629\/1924598\/normal\/gaming-156-legion-y7000-fhd-ips-procesor-intel-core-i7-9750h-12m-cache-up-to-450-ghz-8gb-ddr4-512gb-ssd-geforce-gtx-1650-4gb-freedos-black-2c6e5a0e0dc79e59e2e0e4ceb1ac6e7e.jpg"],
["61", "https:\/\/4.grgs.ro\/images\/products\/1\/7399\/1865202\/normal\/156-p3540fa-fhd-procesor-intel-core-i7-8565u-8m-cache-up-to-460-ghz-8gb-ddr4-256gb-ssd-gma-uhd-620-win-10-pro-grey-9ee8cac85f8a908df8da0ec4aab86fad.jpg"],
["62", "https:\/\/3.grgs.ro\/images\/products\/1\/7399\/1894010\/normal\/156-p3540fa-fhd-procesor-intel-core-i7-8565u-8m-cache-up-to-460-ghz-8gb-ddr4-256gb-ssd-gma-uhd-620-win-10-pro-grey-9ee8cac85f8a908df8da0ec4aab86fad.jpg"],
["63", "https:\/\/2.grgs.ro\/images\/products\/1\/7399\/1977130\/normal\/14-p5440fa-fhd-procesor-intel-core-i5-8265u-6m-cache-up-to-390-ghz-8gb-ddr4-512gb-ssd-gma-uhd-620-win-10-pro-grey-65ade430f0588c63c85b8d7da3d8a33d.jpg"],
["64", "https:\/\/3.grgs.ro\/images\/products\/1\/7399\/1994862\/normal\/156-p3540fa-fhd-procesor-intel-core-i7-8565u-8m-cache-up-to-460-ghz-8gb-ddr4-256gb-ssd-gma-uhd-620-win-10-pro-grey-2b59b17e53827c1915aff36c09ab7d42.jpg"],
["65", "https:\/\/1.grgs.ro\/images\/products\/1\/7399\/1994882\/normal\/156-p3540fa-fhd-procesor-intel-core-i7-8565u-8m-cache-up-to-460-ghz-8gb-ddr4-256gb-ssd-gma-uhd-620-win-10-pro-grey-2b59b17e53827c1915aff36c09ab7d42.jpg"],
["66", "https:\/\/1.grgs.ro\/images\/products\/1\/7399\/1994866\/normal\/156-p3540fa-fhd-procesor-intel-core-i7-8565u-8m-cache-up-to-460-ghz-8gb-ddr4-256gb-ssd-gma-uhd-620-win-10-pro-grey-2b59b17e53827c1915aff36c09ab7d42.jpg"],
["67", "https:\/\/3.grgs.ro\/images\/products\/1\/7399\/1994870\/normal\/156-p3540fa-fhd-procesor-intel-core-i7-8565u-8m-cache-up-to-460-ghz-8gb-ddr4-256gb-ssd-gma-uhd-620-win-10-pro-grey-2b59b17e53827c1915aff36c09ab7d42.jpg"],
["68", "https:\/\/5.grgs.ro\/images\/products\/1\/1990366\/2001402\/normal\/156-p2540fb-fhd-procesor-intel-core-i3-8145u-4m-cache-up-to-390-ghz-4gb-ddr4-256gb-ssd-geforce-mx110-2gb-endless-os-black-be5486f4a5edca0e9a9ae6d4cfac0c5f.jpg"],
["69", "https:\/\/1.grgs.ro\/images\/products\/1\/1202\/1959694\/normal\/gaming-156-tuf-fx505dd-fhd-procesor-amd-ryzen-5-3550h-4m-cache-up-to-370-ghz-8gb-ddr4-1tb-sshd-geforce-gtx-1050-3gb-no-os-black-ca765b9e480e4356cde9b440ea3c4104.jpg"],
["70", "https:\/\/5.grgs.ro\/images\/products\/1\/1202\/1928710\/normal\/gaming-173-rog-strix-g731gu-fhd-144hz-procesor-intel-core-i7-9750h-12m-cache-up-to-450-ghz-8gb-ddr4-512gb-ssd-geforce-gtx-1660-ti-6gb-no-os-black-49e2105144711756ed5429746ca74c35.jpg"],
["71", "https:\/\/2.grgs.ro\/images\/products\/1\/1202\/1978246\/normal\/gaming-156-tuf-fx505dd-fhd-procesor-amd-ryzen-5-3550h-4m-cache-up-to-370-ghz-8gb-ddr4-1tb-sshd-geforce-gtx-1050-3gb-no-os-black-ca765b9e480e4356cde9b440ea3c4104.jpg"],
["72", "https:\/\/4.grgs.ro\/images\/products\/1\/1899326\/1963846\/normal\/gaming-156-rog-strix-g531gu-fhd-120hz-procesor-intel-core-i7-9750h-12m-cache-up-to-450-ghz-8gb-ddr4-512gb-ssd-geforce-gtx-1660-ti-6gb-no-os-black-0bb82add6763edd29750276c650eb757.jpg"],
["73", "https:\/\/1.grgs.ro\/images\/products\/1\/6599\/1954794\/normal\/gaming-156-tuf-fx505dy-fhd-procesor-amd-ryzen-5-3550h-4m-cache-up-to-370-ghz-8gb-ddr4-1tb-sshd-radeon-rx-560x-4gb-no-os-black-2011283a205a2ded7992d5e417be06bc.jpg"],
["74", "https:\/\/2.grgs.ro\/images\/products\/1\/1202\/1959690\/normal\/gaming-156-tuf-fx505dd-fhd-procesor-amd-ryzen-5-3550h-4m-cache-up-to-370-ghz-8gb-ddr4-1tb-sshd-geforce-gtx-1050-3gb-no-os-black-ca765b9e480e4356cde9b440ea3c4104.jpg"],
["75", "https:\/\/5.grgs.ro\/images\/products\/1\/1202\/1891646\/normal\/gaming-173-rog-strix-g731gu-fhd-144hz-procesor-intel-core-i7-9750h-12m-cache-up-to-450-ghz-16gb-ddr4-512gb-ssd-geforce-gtx-1660-ti-6gb-no-os-black-5b9a4c667fbadf22fb410ce444f228e1.jpg"],
["76", "https:\/\/2.grgs.ro\/images\/products\/1\/1899326\/1954806\/normal\/gaming-156-rog-strix-g531gu-fhd-120hz-procesor-intel-core-i7-9750h-12m-cache-up-to-450-ghz-8gb-ddr4-512gb-ssd-geforce-gtx-1660-ti-6gb-no-os-black-0bb82add6763edd29750276c650eb757.jpg"],
["77", "https:\/\/3.grgs.ro\/images\/products\/1\/1202\/1891654\/normal\/gaming-173-rog-strix-g731gu-fhd-144hz-procesor-intel-core-i7-9750h-12m-cache-up-to-450-ghz-8gb-ddr4-1tb-sshd-plus-256gb-ssd-geforce-gtx-1660-ti-6gb-no-f77fb32ef9e1155439d4aab9fa362b27.jpg"],
["78", "https:\/\/4.grgs.ro\/images\/products\/1\/4338\/1853886\/normal\/gaming-156-tuf-fx505ge-fhd-procesor-intel-core-i5-8300h-8m-cache-up-to-400-ghz-8gb-ddr4-1tb-sshd-geforce-gtx-1050-ti-4gb-freedos-gun-metal-4f557bd0f0142e8bdd0d76142becf0ca.jpg"],
["79", "https:\/\/4.grgs.ro\/images\/products\/1\/8629\/1927902\/normal\/gaming-156-nitro-7-an715-51-fhd-144hz-procesor-intel-core-i7-9750h-12m-cache-up-to-450-ghz-16gb-ddr4-512gb-ssd-geforce-gtx-1660-ti-6gb-linux-black-a8aa707f5ab984e6617899d9c180023e.jpg"],
["80", "https:\/\/1.grgs.ro\/images\/products\/1\/6622\/1928918\/normal\/gaming-173-predator-helios-300-ph317-53-fhd-ips-procesor-intel-core-i7-9750h-12m-cache-up-to-450-ghz-16gb-ddr4-1tb-7200-rpm-plus-512gb-ssd-geforce-gtx-19e4d3686b41d6af77e77c0a8e8fd12e.jpg"],
["81", "https:\/\/2.grgs.ro\/images\/products\/1\/8629\/1923130\/normal\/gaming-156-nitro-7-an715-51-fhd-144hz-procesor-intel-core-i7-9750h-12m-cache-up-to-450-ghz-16gb-ddr4-512gb-ssd-geforce-gtx-1660-ti-6gb-linux-black-a8aa707f5ab984e6617899d9c180023e.jpg"],
["82", "https:\/\/2.grgs.ro\/images\/products\/1\/6622\/1957342\/normal\/gaming-173-predator-helios-300-ph317-53-fhd-ips-procesor-intel-core-i7-9750h-12m-cache-up-to-450-ghz-16gb-ddr4-1tb-7200-rpm-plus-512gb-ssd-geforce-gtx-19e4d3686b41d6af77e77c0a8e8fd12e.jpg"],
["83", "https:\/\/4.grgs.ro\/images\/products\/1\/6622\/1957338\/normal\/gaming-173-predator-helios-300-ph317-53-fhd-ips-procesor-intel-core-i7-9750h-12m-cache-up-to-450-ghz-16gb-ddr4-1tb-7200-rpm-plus-512gb-ssd-geforce-gtx-19e4d3686b41d6af77e77c0a8e8fd12e.jpg"],
["84", "https:\/\/1.grgs.ro\/images\/products\/1\/1960570\/1982746\/normal\/gaming-156-nitro-5-an515-54-fhd-ips-procesor-intel-core-i5-9300h-8m-cache-up-to-410-ghz-8gb-ddr4-1tb-geforce-gtx-1050-3gb-linux-black-4c1fa17225bc4a3b1910ede8de5d94d9.jpg"],
["85", "https:\/\/4.grgs.ro\/images\/products\/1\/6622\/1987962\/normal\/gaming-173-predator-helios-300-ph317-53-fhd-ips-procesor-intel-core-i7-9750h-12m-cache-up-to-450-ghz-16gb-ddr4-1tb-7200-rpm-plus-512gb-ssd-geforce-gtx-19e4d3686b41d6af77e77c0a8e8fd12e.jpg"],
["86", "https:\/\/3.grgs.ro\/images\/products\/1\/6622\/1969934\/normal\/gaming-173-predator-helios-300-ph317-53-fhd-ips-procesor-intel-core-i7-9750h-12m-cache-up-to-450-ghz-16gb-ddr4-1tb-7200-rpm-plus-512gb-ssd-geforce-gtx-19e4d3686b41d6af77e77c0a8e8fd12e.jpg"],
["87", "https:\/\/4.grgs.ro\/images\/products\/1\/1960570\/1965194\/normal\/gaming-156-nitro-5-an515-54-fhd-ips-procesor-intel-core-i5-9300h-8m-cache-up-to-410-ghz-8gb-ddr4-1tb-geforce-gtx-1050-3gb-linux-black-4c1fa17225bc4a3b1910ede8de5d94d9.jpg"],
["88", "https:\/\/4.grgs.ro\/images\/products\/1\/6622\/1928974\/normal\/gaming-173-predator-helios-300-ph317-53-fhd-ips-procesor-intel-core-i7-9750h-12m-cache-up-to-450-ghz-16gb-ddr4-1tb-7200-rpm-plus-512gb-ssd-geforce-gtx-19e4d3686b41d6af77e77c0a8e8fd12e.jpg"],
["89", "https:\/\/2.grgs.ro\/images\/products\/1\/1703884\/1878302\/normal\/154-the-new-macbook-pro-15-retina-with-touch-bar-coffee-lake-6-core-i7-22ghz-16gb-ddr4-256gb-ssd-radeon-pro-555x-4gb-mac-os-high-sierra-space-grey-ro--c9443566b33e9fa4d7909e69ecd16d0e.jpg"],
["90", "https:\/\/5.grgs.ro\/images\/products\/1\/1691840\/1878342\/normal\/154-the-new-macbook-pro-15-retina-with-touch-bar-coffee-lake-6-core-i7-22ghz-16gb-ddr4-256gb-ssd-radeon-pro-555x-4gb-mac-os-high-sierra-silver-ro-keyb-15a2fd5cf9b56e1fbbd1f72b70b88651.jpg"],
["91", "https:\/\/1.grgs.ro\/images\/products\/1\/1691840\/1878318\/normal\/154-the-new-macbook-pro-15-retina-with-touch-bar-coffee-lake-6-core-i7-22ghz-16gb-ddr4-256gb-ssd-radeon-pro-555x-4gb-mac-os-high-sierra-silver-ro-keyb-15a2fd5cf9b56e1fbbd1f72b70b88651.jpg"],
["92", "https:\/\/1.grgs.ro\/images\/products\/1\/736\/1922918\/normal\/133-macbook-pro-13-retina-with-touch-bar-coffee-lake-i5-14ghz-8gb-128gb-ssd-iris-plus-645-mac-os-mojave-silver-int-keyboard-23f4192d4fdbfd2ea51d5e081523bd39.jpg"],
["93", "https:\/\/1.grgs.ro\/images\/products\/1\/1691852\/1878382\/normal\/133-the-new-macbook-pro-13-retina-with-touch-bar-coffee-lake-i5-23ghz-8gb-256gb-ssd-iris-plus-655-mac-os-high-sierra-silver-ro-keyboard-14c34079724a57d9a626bec9784c54e0.jpg"],
["94", "https:\/\/3.grgs.ro\/images\/products\/1\/8486\/1972890\/normal\/16-macbook-pro-16-retina-with-touch-bar-coffee-lake-8-core-i9-23ghz-16gb-ddr4-1tb-ssd-radeon-pro-5500m-4gb-mac-os-catalina-silver-ro-keyboard-9f2054a2dcd6a2c03f9143245416b5e1.jpg"],
["95", "https:\/\/2.grgs.ro\/images\/products\/1\/1691840\/1959934\/normal\/154-the-new-macbook-pro-15-retina-with-touch-bar-coffee-lake-6-core-i7-22ghz-16gb-ddr4-256gb-ssd-radeon-pro-555x-4gb-mac-os-high-sierra-silver-ro-keyb-15a2fd5cf9b56e1fbbd1f72b70b88651.jpg"],
["96", "https:\/\/4.grgs.ro\/images\/products\/1\/1979534\/1985174\/full\/14-zenbook-flip-14-ux463fl-fhd-touch-procesor-intel-core-i7-10510u-8m-cache-up-to-490-ghz-16gb-1tb-ssd-geforce-mx250-2gb-win-10-pro-gun-grey-d5122581c84efe25b173c95e759190f8.jpg"],
["97", "https:\/\/3.grgs.ro\/images\/products\/1\/1496454\/1773840\/full\/133-zenbook-flip-s-ux370ua-fhd-touch-procesor-intel-core-i7-7500u-4m-cache-up-to-350-ghz-8gb-256gb-ssd-gma-hd-620-win-10-home-royal-blue-4d1d0a6197997df491f0238a185467d9.jpg"],
["98", "https:\/\/5.grgs.ro\/images\/products\/1\/1953966\/1957858\/full\/14-swift-3-sf314-57-fhd-procesor-intel-core-i5-1035g1-6m-cache-up-to-360-ghz-8gb-ddr4-512gb-ssd-gma-uhd-win-10-home-steel-gray-a49271c9a76b1a4b0374361b102404b8.jpg"],
["99", "https:\/\/5.grgs.ro\/images\/products\/1\/9943\/2023742\/full\/14-swift-5-sf514-54t-fhd-ips-touch-procesor-intel-core-i5-1035g1-6m-cache-up-to-360-ghz-16gb-ddr4x-512gb-ssd-gma-uhd-linux-moonstone-white-78fd4f6593310e8bbcb10767a0ff443d.jpg"],
["100", "https:\/\/3.grgs.ro\/images\/products\/1\/9943\/2011938\/full\/14-swift-5-sf514-54t-fhd-ips-touch-procesor-intel-core-i5-1035g1-6m-cache-up-to-360-ghz-8gb-ddr4-512gb-ssd-gma-uhd-win-10-home-moonstone-white-e06869aa85e94c53c88e5240fe00ebd8.jpg"]
]
