[
["1", "https:\/\/www.pcgarage.ro\/notebook-laptop\/hp\/173-probook-470-g5-fhd-procesor-intel-core-i7-8550u-8m-cache-up-to-400-ghz-8gb-ddr4-1tb-plus-256gb-ssd-geforce-930mx-2gb-fingerprint-reader-win-10-pro\/"],
["2", "https:\/\/www.pcgarage.ro\/notebook-laptop\/hp\/156-255-g7-fhd-procesor-amd-ryzen-3-2200u-4m-cache-up-to-340-ghz-8gb-ddr4-256gb-ssd-radeon-vega-3-freedos-dark-ash-silver\/"],
["3", "https:\/\/www.pcgarage.ro\/notebook-laptop\/hp\/156-probook-450-g6-fhd-procesor-intel-core-i7-8565u-8m-cache-up-to-460-ghz-16gb-ddr4-256gb-ssd-geforce-mx-130-2gb-freedos-silver\/"],
["4", "https:\/\/www.pcgarage.ro\/notebook-laptop\/hp\/156-255-g7-fhd-procesor-amd-ryzen-5-2500u-4m-cache-up-to-360-ghz-8gb-ddr4-256gb-ssd-radeon-vega-8-freedos-dark-ash-silver\/"],
["5", "https:\/\/www.pcgarage.ro\/notebook-laptop\/hp\/173-probook-470-g5-fhd-procesor-intel-core-i5-8250u-6m-cache-up-to-340-ghz-8gb-ddr4-256gb-ssd-geforce-930mx-2gb-fingerprint-reader-win-10-pro\/"],
["6", "https:\/\/www.pcgarage.ro\/notebook-laptop\/hp\/156-probook-450-g6-fhd-procesor-intel-core-i5-8265u-6m-cache-up-to-390-ghz-8gb-ddr4-1tb-plus-256gb-ssd-gma-uhd-620-freedos-silver\/"],
["7", "https:\/\/www.pcgarage.ro\/notebook-laptop\/hp\/173-probook-470-g5-fhd-procesor-intel-core-i7-8550u-8m-cache-up-to-400-ghz-16gb-ddr4-512gb-ssd-geforce-930mx-2gb-fingerprint-reader-win-10-pro\/"],
["8", "https:\/\/www.pcgarage.ro\/notebook-laptop\/hp\/173-probook-470-g5-fhd-procesor-intel-core-i7-8550u-8m-cache-up-to-400-ghz-8gb-ddr4-1tb-plus-256gb-ssd-geforce-930mx-2gb-fingerprint-reader-win-10-home\/"],
["9", "https:\/\/www.pcgarage.ro\/notebook-laptop\/hp\/173-probook-470-g5-fhd-procesor-intel-core-i7-8550u-8m-cache-up-to-400-ghz-8gb-ddr4-256gb-ssd-geforce-930mx-2gb-fingerprint-reader-win-10-pro\/"],
["10", "https:\/\/www.pcgarage.ro\/notebook-laptop\/hp\/156-probook-450-g6-fhd-procesor-intel-core-i7-8565u-8m-cache-up-to-460-ghz-8gb-ddr4-256gb-ssd-gma-uhd-620-win-10-pro-silver\/"],
["11", "https:\/\/www.pcgarage.ro\/notebook-laptop\/hp\/gaming-156-pavilion-15-ec0003nq-fhd-procesor-amd-ryzen-5-3550h-4m-cache-up-to-370-ghz-8gb-ddr4-1tb-7200-rpm-plus-128gb-ssd-geforce-gtx-1650-4gb-freedos-shadow-black\/"],
["12", "https:\/\/www.pcgarage.ro\/notebook-laptop\/hp\/gaming-156-omen-15-dc1040nq-fhd-ips-procesor-intel-core-i5-9300h-8m-cache-up-to-410-ghz-8gb-ddr4-512gb-ssd-geforce-gtx-1650-4gb-freedos-shadow-black\/"],
["13", "https:\/\/www.pcgarage.ro\/notebook-laptop\/hp\/gaming-156-pavilion-15-dk0032nq-fhd-procesor-intel-core-i7-9750h-12m-cache-up-to-450-ghz-8gb-ddr4-512gb-ssd-geforce-gtx-1650-4gb-freedos-black\/"],
["14", "https:\/\/www.pcgarage.ro\/notebook-laptop\/hp\/gaming-156-pavilion-15-ec0005nq-fhd-ips-procesor-amd-ryzen-5-3550h-4m-cache-up-to-370-ghz-8gb-ddr4-256gb-ssd-geforce-gtx-1660-ti-6gb-freedos-shadow-black\/"],
["15", "https:\/\/www.pcgarage.ro\/notebook-laptop\/hp\/gaming-156-pavilion-15-dk0029nq-fhd-ips-procesor-intel-core-i5-9300h-8m-cache-up-to-410-ghz-16gb-ddr4-512gb-ssd-geforce-gtx-1650-4gb-freedos-shadow-black\/"],
["16", "https:\/\/www.pcgarage.ro\/notebook-laptop\/hp\/gaming-156-pavilion-15-ec0004nq-fhd-procesor-amd-ryzen-5-3550h-4m-cache-up-to-370-ghz-16gb-ddr4-512gb-ssd-geforce-gtx-1650-4gb-freedos-shadow-black\/"],
["17", "https:\/\/www.pcgarage.ro\/notebook-laptop\/hp\/gaming-156-pavilion-15-dk0036nq-fhd-ips-procesor-intel-core-i7-9750h-12m-cache-up-to-450-ghz-16gb-ddr4-1tb-7200-rpm-plus-256gb-ssd-geforce-gtx-1660-ti-6gb-freedos-shadow-black\/"],
["18", "https:\/\/www.pcgarage.ro\/notebook-laptop\/hp\/gaming-156-omen-x-fhd-ips-144hz-procesor-intel-core-i7-9750h-12m-cache-up-to-450-ghz-32gb-ddr4-512gb-ssd-plus-32gb-intel-optane-geforce-rtx-2080-8gb-win-10-home-black\/"],
["19", "https:\/\/www.pcgarage.ro\/notebook-laptop\/hp\/gaming-156-omen-15-dh0010nq-fhd-ips-144hz-procesor-intel-core-i7-9750h-12m-cache-up-to-450-ghz-16gb-ddr4-1tb-7200-rpm-plus-512gb-ssd-geforce-rtx-2070-8gb-freedos-shadow-black\/"],
["20", "https:\/\/www.pcgarage.ro\/notebook-laptop\/hp\/gaming-156-omen-15-dc1050nq-fhd-ips-144hz-procesor-intel-core-i7-9750h-12m-cache-up-to-450-ghz-16gb-ddr4-1tb-7200-rpm-plus-256gb-ssd-geforce-rtx-2060-6gb-freedos-shadow-black\/"],
["21", "https:\/\/www.pcgarage.ro\/notebook-laptop\/dell\/156-vostro-3584-seria-3000-fhd-procesor-intel-core-i3-7020u-3m-cache-230-ghz-8gb-ddr4-256gb-ssd-gma-hd-620-linux-black-3yr-cis\/"],
["22", "https:\/\/www.pcgarage.ro\/notebook-laptop\/dell\/156-vostro-3580-seria-3000-fhd-procesor-intel-core-i7-8565u-8m-cache-up-to-460-ghz-8gb-ddr4-256gb-ssd-radeon-520-2gb-win-10-pro-black-3yr-cis\/"],
["23", "https:\/\/www.pcgarage.ro\/notebook-laptop\/dell\/156-quot-vostro-5568-seria-5000-fhd-procesor-intel-core-i7-7500u-4m-cache-up-to-350-ghz-8gb-ddr4-256gb-ssd-geforce-940mx-4gb-linux-gray-3yr\/"],
["24", "https:\/\/www.pcgarage.ro\/notebook-laptop\/dell\/14-vostro-3490-seria-3000-fhd-procesor-intel-core-i5-10210u-6m-cache-up-to-410-ghz-8gb-ddr4-256gb-ssd-gma-uhd-linux-black-3yr-cis\/"],
["25", "https:\/\/www.pcgarage.ro\/notebook-laptop\/dell\/156-vostro-3584-seria-3000-fhd-procesor-intel-core-i3-7020u-3m-cache-230-ghz-8gb-ddr4-256gb-ssd-gma-hd-620-win-10-pro-black-3yr-cis\/"],
["26", "https:\/\/www.pcgarage.ro\/notebook-laptop\/dell\/156-vostro-5590-seria-5000-fhd-procesor-intel-core-i7-10510u-processor-8m-cache-up-to-490-ghz-8gb-ddr4-512gb-ssd-geforce-mx250-2gb-linux-grey-3yr-on-site\/"],
["27", "https:\/\/www.pcgarage.ro\/notebook-laptop\/dell\/156-vostro-3590-seria-3000-fhd-procesor-intel-core-i5-10210u-6m-cache-up-to-410-ghz-8gb-ddr4-256gb-ssd-gma-uhd-linux-black-3yr-nbd\/"],
["28", "https:\/\/www.pcgarage.ro\/notebook-laptop\/dell\/156-vostro-3590-seria-3000-fhd-procesor-intel-core-i7-10510u-8m-cache-up-to-490-ghz-8gb-ddr4-256gb-ssd-radeon-610-2gb-linux-black-3yr-cis\/"],
["29", "https:\/\/www.pcgarage.ro\/notebook-laptop\/dell\/14-vostro-3480-seria-3000-hd-procesor-intel-core-i3-8145u-4m-cache-up-to-390-ghz-4gb-ddr4-1tb-gmas-uhd-620-win-10-pro-black-3yr-cis\/"],
["30", "https:\/\/www.pcgarage.ro\/notebook-laptop\/dell\/156-vostro-5590-seria-5000-fhd-procesor-intel-core-i7-10510u-8m-cache-up-to-490-ghz-16gb-ddr4-512gb-ssd-geforce-mx250-2gb-linux-grey-3yr-bos\/"],
["31", "https:\/\/www.pcgarage.ro\/notebook-laptop\/dell\/gaming-156-g5-5587-fhd-procesor-intel-core-i7-8750h-9m-cache-up-to-410-ghz-16gb-ddr4-1tb-plus-256gb-ssd-geforce-gtx-1060-6gb-linux-black-3yr-cis\/"],
["32", "https:\/\/www.pcgarage.ro\/notebook-laptop\/dell\/gaming-173-g3-3779-fhd-procesor-intel-core-i7-8750h-9m-cache-up-to-410-ghz-16gb-ddr4-1tb-plus-128gb-ssd-geforce-gtx-1050-ti-4gb-linux-3yr-cis\/"],
["33", "https:\/\/www.pcgarage.ro\/notebook-laptop\/dell\/gaming-173-g3-3779-fhd-procesor-intel-core-i5-8300h-8m-cache-up-to-400-ghz-8gb-ddr4-1tb-plus-128gb-ssd-geforce-gtx-1050-ti-4gb-linux-black-3yr\/"],
["34", "https:\/\/www.pcgarage.ro\/notebook-laptop\/dell\/gaming-173-g7-7790-fhd-ips-procesor-intel-core-i7-8750h-9m-cache-up-to-410-ghz-16gb-ddr4-1tb-plus-256gb-ssd-geforce-rtx-2060-6gb-win-10-home-black-3yr-cis\/"],
["35", "https:\/\/www.pcgarage.ro\/notebook-laptop\/dell\/gaming-173-g3-3779-fhd-procesor-intel-core-i7-8750h-9m-cache-up-to-410-ghz-16gb-ddr4-1tb-plus-128gb-ssd-geforce-gtx-1050-ti-4gb-win-10-home-3yr-cis\/"],
["36", "https:\/\/www.pcgarage.ro\/notebook-laptop\/dell\/gaming-173-g3-3779-fhd-procesor-intel-core-i7-8750h-9m-cache-up-to-410-ghz-16gb-ddr4-1tb-plus-128gb-ssd-geforce-gtx-1050-ti-4gb-linux-3yr-cis-1\/"],
["37", "https:\/\/www.pcgarage.ro\/notebook-laptop\/dell\/gaming-156-g3-3590-fhd-procesor-intel-core-i5-9300h-8m-cache-up-to-410-ghz-8gb-ddr4-1tb-plus-256gb-ssd-geforce-gtx-1050-3gb-linux-black-3yr-cis\/"],
["38", "https:\/\/www.pcgarage.ro\/notebook-laptop\/dell\/gaming-156-g3-3590-fhd-procesor-intel-core-i5-9300h-8m-cache-up-to-410-ghz-8gb-ddr4-512gb-ssd-geforce-gtx-1650-4gb-linux-black-3yr-cis\/"],
["39", "https:\/\/www.pcgarage.ro\/notebook-laptop\/dell\/gaming-156-g3-3590-fhd-procesor-intel-core-i5-9300h-8m-cache-up-to-410-ghz-8gb-ddr4-1tb-plus-256gb-ssd-geforce-gtx-1650-4gb-linux-black-3yr-cis\/"],
["40", "https:\/\/www.pcgarage.ro\/notebook-laptop\/dell\/gaming-156-g5-5590-fhd-procesor-intel-core-i5-9300h-8m-cache-up-to-410-ghz-8gb-ddr4-1tb-plus-128gb-ssd-geforce-gtx-1650-4gb-win-10-home-black-3yr-cis\/"],
["41", "https:\/\/www.pcgarage.ro\/notebook-laptop\/lenovo\/156-v130-ikb-fhd-procesor-intel-core-i3-7020u-3m-cache-230-ghz-4gb-ddr4-1tb-gma-hd-620-freedos-iron-grey-1\/"],
["42", "https:\/\/www.pcgarage.ro\/notebook-laptop\/lenovo\/156-thinkpad-e590-fhd-ips-procesor-intel-core-i5-8265u-6m-cache-up-to-390-ghz-8gb-ddr4-256gb-ssd-gma-uhd-620-no-os-black\/"],
["43", "https:\/\/www.pcgarage.ro\/notebook-laptop\/lenovo\/156-v130-ikb-fhd-procesor-intel-core-i3-7020u-3m-cache-230-ghz-4gb-ddr4-1tb-radeon-530-2gb-no-os-iron-grey\/"],
["44", "https:\/\/www.pcgarage.ro\/notebook-laptop\/lenovo\/156-v130-ikb-fhd-procesor-intel-core-i5-7200u-3m-cache-up-to-310-ghz-4gb-ddr4-1tb-radeon-530-2gb-freedos-iron-grey\/"],
["45", "https:\/\/www.pcgarage.ro\/notebook-laptop\/lenovo\/156-thinkpad-e590-fhd-ips-procesor-intel-core-i7-8565u-8m-cache-up-to-460-ghz-8gb-ddr4-256gb-ssd-radeon-rx-550x-2gb-freedos-black\/"],
["46", "https:\/\/www.pcgarage.ro\/notebook-laptop\/lenovo\/156-v330-ikb-fhd-procesor-intel-core-i5-8250u-6m-cache-up-to-340-ghz-8gb-ddr4-512gb-ssd-radeon-530-2gb-no-os-iron-gray\/"],
["47", "https:\/\/www.pcgarage.ro\/notebook-laptop\/lenovo\/156-v130-ikb-hd-procesor-intel-core-i5-7200u-3m-cache-up-to-310-ghz-4gb-ddr4-500gb-gma-hd-620-freedos-iron-grey\/"],
["48", "https:\/\/www.pcgarage.ro\/notebook-laptop\/lenovo\/156-thinkbook-15-iml-fhd-ips-procesor-intel-core-i5-10210u-6m-cache-up-to-410-ghz-8gb-ddr4-256gb-ssd-gma-uhd-no-os-mineral-gray\/"],
["49", "https:\/\/www.pcgarage.ro\/notebook-laptop\/lenovo\/14-v330-ikb-fhd-procesor-intel-core-i3-8130u-4m-cache-up-to-340-ghz-4gb-ddr4-1tb-gma-uhd-620-win-10-pro-iron-gray\/"],
["50", "https:\/\/www.pcgarage.ro\/notebook-laptop\/lenovo\/133-thinkbook-13s-iwl-fhd-ips-procesor-intel-core-i7-8565u-8m-cache-up-to-460-ghz-16gb-ddr4-512gb-ssd-gma-uhd-620-win-10-pro-mineral-grey\/"],
["51", "https:\/\/www.pcgarage.ro\/notebook-laptop\/lenovo\/gaming-156-legion-y530-fhd-ips-procesor-intel-core-i7-8750h-9m-cache-up-to-410-ghz-8gb-ddr4-1tb-7200-rpm-geforce-gtx-1050-ti-4gb-freedos-black\/"],
["52", "https:\/\/www.pcgarage.ro\/notebook-laptop\/lenovo\/gaming-156-legion-y530-fhd-ips-144hz-procesor-intel-core-i5-8300h-8m-cache-up-to-400-ghz-8gb-ddr4-1tb-7200-rpm-plus-128gb-ssd-geforce-gtx-1060-6gb-freedos-black\/"],
["53", "https:\/\/www.pcgarage.ro\/notebook-laptop\/lenovo\/gaming-173-legion-y540-fhd-ips-144hz-procesor-intel-core-i7-9750h-12m-cache-up-to-450-ghz-16gb-ddr4-512gb-ssd-geforce-rtx-2060-6gb-freedos-black\/"],
["54", "https:\/\/www.pcgarage.ro\/notebook-laptop\/lenovo\/gaming-156-legion-y7000-fhd-ips-procesor-intel-core-i5-9300h-8m-cache-up-to-410-ghz-8gb-ddr4-256gb-ssd-geforce-gtx-1650-4gb-freedos-black\/"],
["55", "https:\/\/www.pcgarage.ro\/notebook-laptop\/lenovo\/gaming-156-legion-y540-fhd-ips-144hz-procesor-intel-core-i5-9300h-8m-cache-up-to-410-ghz-8gb-ddr4-512gb-ssd-geforce-rtx-2060-6gb-freedos-black\/"],
["56", "https:\/\/www.pcgarage.ro\/notebook-laptop\/lenovo\/gaming-156-legion-y540-fhd-ips-procesor-intel-core-i7-9750h-12m-cache-up-to-450-ghz-8gb-ddr4-512gb-ssd-geforce-gtx-1660-ti-6gb-freedos-black\/"],
["57", "https:\/\/www.pcgarage.ro\/notebook-laptop\/lenovo\/gaming-173-legion-y540-fhd-ips-procesor-intel-core-i7-9750h-12m-cache-up-to-450-ghz-16gb-ddr4-512gb-ssd-geforce-gtx-1660-ti-6gb-freedos-black\/"],
["58", "https:\/\/www.pcgarage.ro\/notebook-laptop\/lenovo\/gaming-156-legion-y7000-fhd-ips-procesor-intel-core-i7-9750h-12m-cache-up-to-450-ghz-8gb-ddr4-256gb-ssd-geforce-gtx-1650-4gb-freedos-black\/"],
["59", "https:\/\/www.pcgarage.ro\/notebook-laptop\/lenovo\/gaming-156-ideapad-l340-fhd-procesor-intel-core-i5-9300h-8m-cache-up-to-410-ghz-8gb-ddr4-1tb-plus-128gb-ssd-gtx-1050-3gb-freedos-black\/"],
["60", "https:\/\/www.pcgarage.ro\/notebook-laptop\/lenovo\/gaming-156-legion-y7000-fhd-ips-procesor-intel-core-i7-9750h-12m-cache-up-to-450-ghz-8gb-ddr4-512gb-ssd-geforce-gtx-1650-4gb-freedos-black\/"],
["61", "https:\/\/www.pcgarage.ro\/notebook-laptop\/asus\/156-p3540fa-fhd-procesor-intel-core-i7-8565u-8m-cache-up-to-460-ghz-8gb-ddr4-256gb-ssd-gma-uhd-620-win-10-pro-grey\/"],
["62", "https:\/\/www.pcgarage.ro\/notebook-laptop\/asus\/156-p3540fa-fhd-procesor-intel-core-i5-8265u-6m-cache-up-to-390-ghz-8gb-ddr4-256gb-ssd-gma-uhd-620-win-10-pro-grey\/"],
["63", "https:\/\/www.pcgarage.ro\/notebook-laptop\/asus\/14-p5440fa-fhd-procesor-intel-core-i7-8565u-8m-cache-up-to-460-ghz-16gb-ddr4-512gb-ssd-gma-uhd-620-win-10-pro-grey\/"],
["64", "https:\/\/www.pcgarage.ro\/notebook-laptop\/asus\/156-p3540fa-fhd-procesor-intel-core-i7-8565u-8m-cache-up-to-460-ghz-16gb-ddr4-512gb-ssd-gma-uhd-620-endless-os-grey\/"],
["65", "https:\/\/www.pcgarage.ro\/notebook-laptop\/asus\/156-p3540fa-fhd-procesor-intel-core-i5-8265u-6m-cache-up-to-390-ghz-8gb-ddr4-256gb-ssd-gma-uhd-620-endless-os-grey-1\/"],
["66", "https:\/\/www.pcgarage.ro\/notebook-laptop\/asus\/156-p3540fa-fhd-procesor-intel-core-i5-8265u-6m-cache-up-to-390-ghz-8gb-ddr4-512gb-ssd-gma-uhd-620-endless-os-grey\/"],
["67", "https:\/\/www.pcgarage.ro\/notebook-laptop\/asus\/156-p3540fa-fhd-procesor-intel-core-i5-8265u-6m-cache-up-to-390-ghz-8gb-ddr4-512gb-ssd-gma-uhd-620-endless-os-grey-1\/"],
["68", "https:\/\/www.pcgarage.ro\/notebook-laptop\/asus\/156-p2540fb-fhd-procesor-intel-core-i3-8145u-4m-cache-up-to-390-ghz-4gb-ddr4-256gb-ssd-geforce-mx110-2gb-endless-os-black\/"],
["69", "https:\/\/www.pcgarage.ro\/notebook-laptop\/asus\/gaming-156-tuf-fx505dt-fhd-procesor-amd-ryzen-5-3550h-4m-cache-up-to-370-ghz-8gb-ddr4-512gb-ssd-geforce-gtx-1650-4gb-no-os-stealth-black\/"],
["70", "https:\/\/www.pcgarage.ro\/notebook-laptop\/asus\/gaming-173-rog-strix-g731gt-fhd-procesor-intel-core-i7-9750h-12m-cache-up-to-450-ghz-8gb-ddr4-512gb-ssd-geforce-gtx-1650-4gb-no-os-black\/"],
["71", "https:\/\/www.pcgarage.ro\/notebook-laptop\/asus\/gaming-156-tuf-fx505dd-fhd-procesor-amd-ryzen-5-3550h-4m-cache-up-to-370-ghz-8gb-ddr4-256gb-ssd-geforce-gtx-1050-3gb-no-os-black\/"],
["72", "https:\/\/www.pcgarage.ro\/notebook-laptop\/asus\/gaming-156-rog-strix-g-g531gt-fhd-procesor-intel-core-i5-9300h-8m-cache-up-to-410-ghz-8gb-ddr4-256gb-ssd-geforce-gtx-1650-4gb-no-os-black\/"],
["73", "https:\/\/www.pcgarage.ro\/notebook-laptop\/asus\/gaming-156-tuf-fx505dt-fhd-120hz-procesor-amd-ryzen-7-3750h-4m-cache-up-to-400-ghz-8gb-ddr4-512gb-ssd-geforce-gtx-1650-4gb-no-os-black\/"],
["74", "https:\/\/www.pcgarage.ro\/notebook-laptop\/asus\/gaming-156-tuf-fx505dv-fhd-procesor-ryzen-7-3750h-4m-cache-up-to-40-ghz-8gb-ddr4-512gb-ssd-geforce-rtx-2060-6gb-no-os-stealth-black\/"],
["75", "https:\/\/www.pcgarage.ro\/notebook-laptop\/asus\/gaming-173-rog-g731gu-fhd-144hz-procesor-intel-core-i7-9750h-12m-cache-up-to-450-ghz-16gb-ddr4-512gb-ssd-geforce-gtx-1660-ti-6gb-no-os-black\/"],
["76", "https:\/\/www.pcgarage.ro\/notebook-laptop\/asus\/gaming-156-rog-strix-g-g531gu-fhd-120hz-procesor-intel-core-i7-9750h-12m-cache-up-to-450-ghz-16gb-ddr4-512gb-ssd-geforce-gtx-1660-ti-6gb-no-os-black\/"],
["77", "https:\/\/www.pcgarage.ro\/notebook-laptop\/asus\/gaming-173-rog-g731gu-fhd-144hz-procesor-intel-core-i7-9750h-12m-cache-up-to-450-ghz-8gb-ddr4-1tb-sshd-plus-256gb-ssd-geforce-gtx-1660-ti-6gb-no-os-black\/"],
["78", "https:\/\/www.pcgarage.ro\/notebook-laptop\/asus\/gaming-156-tuf-fx505gm-fhd-procesor-intel-core-i5-8300h-8m-cache-up-to-400-ghz-8gb-ddr4-1tb-plus-128gb-ssd-geforce-gtx-1060-6gb-no-os-black\/"],
["79", "https:\/\/www.pcgarage.ro\/notebook-laptop\/acer\/gaming-156-nitro-7-an715-51-fhd-procesor-intel-core-i5-9300h-8m-cache-up-to-410-ghz-8gb-ddr4-512gb-ssd-geforce-gtx-1650-4gb-linux-black\/"],
["80", "https:\/\/www.pcgarage.ro\/notebook-laptop\/acer\/gaming-173-predator-helios-300-ph317-53-fhd-ips-procesor-intel-core-i7-9750h-12m-cache-up-to-450-ghz-16gb-ddr4-1tb-7200-rpm-plus-512gb-ssd-geforce-gtx-1660-ti-6gb-win-10-home-black\/"],
["81", "https:\/\/www.pcgarage.ro\/notebook-laptop\/acer\/gaming-156-nitro-7-an715-51-fhd-144hz-procesor-intel-core-i7-9750h-12m-cache-up-to-450-ghz-16gb-ddr4-512gb-ssd-geforce-gtx-1660-ti-6gb-linux-black\/"],
["82", "https:\/\/www.pcgarage.ro\/notebook-laptop\/acer\/gaming-173-predator-helios-300-ph317-53-fhd-ips-144hz-procesor-intel-core-i7-9750h-12m-cache-up-to-450-ghz-16gb-ddr4-512gb-ssd-geforce-rtx-2070-8gb-win-10-home-black-1\/"],
["83", "https:\/\/www.pcgarage.ro\/notebook-laptop\/acer\/gaming-173-predator-helios-300-ph317-53-fhd-ips-144hz-procesor-intel-core-i7-9750h-12m-cache-up-to-450-ghz-16gb-ddr4-1tb-7200-rpm-plus-256gb-ssd-geforce-rtx-2070-8gb-win-10-home-black-1\/"],
["84", "https:\/\/www.pcgarage.ro\/notebook-laptop\/acer\/gaming-156-nitro-5-an515-54-fhd-ips-procesor-intel-core-i7-9750h-12m-cache-up-to-450-ghz-8gb-ddr4-512gb-ssd-geforce-gtx-1650-4gb-linux-black-1\/"],
["85", "https:\/\/www.pcgarage.ro\/notebook-laptop\/acer\/gaming-173-predator-helios-300-ph317-53-fhd-ips-144hz-procesor-intel-core-i7-9750h-12m-cache-up-to-450-ghz-16gb-ddr4-1tb-7200-rpm-plus-512gb-ssd-geforce-gtx-1660-ti-6gb-win-10-home-black\/"],
["86", "https:\/\/www.pcgarage.ro\/notebook-laptop\/acer\/gaming-173-predator-helios-300-ph317-53-fhd-ips-120hz-procesor-intel-core-i7-9750h-12m-cache-up-to-450-ghz-16gb-ddr4-1tb-geforce-gtx-1660-ti-6gb-win-10-home-black\/"],
["87", "https:\/\/www.pcgarage.ro\/notebook-laptop\/acer\/gaming-156-nitro-5-an515-54-fhd-ips-procesor-intel-core-i5-9300h-8m-cache-up-to-410-ghz-8gb-ddr4-1tb-geforce-gtx-1050-3gb-linux-black\/"],
["88", "https:\/\/www.pcgarage.ro\/notebook-laptop\/acer\/gaming-173-predator-helios-300-ph317-53-fhd-ips-144hz-procesor-intel-core-i7-9750h-12m-cache-up-to-450-ghz-16gb-ddr4-1tb-7200-rpm-plus-512gb-ssd-geforce-rtx-2070-8gb-win-10-home-black\/"],
["89", "https:\/\/www.pcgarage.ro\/notebook-laptop\/apple\/154-the-new-macbook-pro-15-retina-with-touch-bar-coffee-lake-8-core-i9-23ghz-16gb-ddr4-512gb-ssd-radeon-pro-560x-4gb-mac-os-mojave-space-grey-int-keyboard\/"],
["90", "https:\/\/www.pcgarage.ro\/notebook-laptop\/apple\/154-the-new-macbook-pro-15-retina-with-touch-bar-coffee-lake-8-core-i9-23ghz-16gb-ddr4-512gb-ssd-radeon-pro-560x-4gb-mac-os-mojave-silver-int-keyboard\/"],
["91", "https:\/\/www.pcgarage.ro\/notebook-laptop\/apple\/154-the-new-macbook-pro-15-retina-with-touch-bar-coffee-lake-6-core-i7-26ghz-16gb-ddr4-256gb-ssd-radeon-pro-555x-4gb-mac-os-mojave-silver-int-keyboard\/"],
["92", "https:\/\/www.pcgarage.ro\/notebook-laptop\/apple\/133-macbook-pro-13-retina-with-touch-bar-coffee-lake-i5-14ghz-8gb-128gb-ssd-iris-plus-645-mac-os-mojave-silver-int-keyboard\/"],
["93", "https:\/\/www.pcgarage.ro\/notebook-laptop\/apple\/133-the-new-macbook-pro-13-retina-with-touch-bar-coffee-lake-i5-24ghz-8gb-256gb-ssd-iris-plus-655-mac-os-mojave-silver-int-keyboard\/"],
["94", "https:\/\/www.pcgarage.ro\/notebook-laptop\/apple\/16-macbook-pro-16-retina-with-touch-bar-coffee-lake-8-core-i9-23ghz-16gb-ddr4-1tb-ssd-radeon-pro-5500m-4gb-mac-os-catalina-silver-int-keyboard\/"],
["95", "https:\/\/www.pcgarage.ro\/notebook-laptop\/apple\/154-the-new-macbook-pro-15-retina-with-touch-bar-coffee-lake-8-core-i9-24ghz-32gb-ddr4-512gb-ssd-radeon-pro-vega-16-4gb-mac-os-mojave-silver-int-keyboard"],
["96", "https:\/\/www.pcgarage.ro\/notebook-laptop-2-in-1\/asus\/14-zenbook-flip-14-ux463fa-fhd-touch-procesor-intel-core-i7-10510u-8m-cache-up-to-490-ghz-16gb-1tb-ssd-gma-uhd-win-10-pro-gun-grey\/"],
["97", "https:\/\/www.pcgarage.ro\/notebook-laptop-2-in-1\/asus\/133-zenbook-flip-s-ux370ua-fhd-touch-procesor-intel-core-i7-8550u-8m-cache-up-to-400-ghz-16gb-256gb-ssd-gma-uhd-620-win-10-pro-royal-blue\/"],
["98", "https:\/\/www.pcgarage.ro\/ultrabook\/acer\/14-swift-3-sf314-57-fhd-procesor-intel-core-i5-1035g1-6m-cache-up-to-360-ghz-8gb-ddr4-512gb-ssd-gma-uhd-win-10-home-steel-gray\/"],
["99", "https:\/\/www.pcgarage.ro\/ultrabook\/acer\/14-swift-5-sf514-54t-fhd-ips-touch-procesor-intel-core-i5-1035g1-6m-cache-up-to-360-ghz-16gb-ddr4x-512gb-ssd-gma-uhd-linux-moonstone-white\/"],
["100", "https:\/\/www.pcgarage.ro\/ultrabook\/acer\/14-swift-5-sf514-54t-fhd-ips-touch-procesor-intel-core-i5-1035g1-6m-cache-up-to-360-ghz-8gb-ddr4-512gb-ssd-gma-uhd-win-10-home-moonstone-white\/"]
]
