[
["1", "business"],
["2", "business"],
["3", "business"],
["4", "business"],
["5", "business"],
["6", "business"],
["7", "business"],
["8", "business"],
["9", "business"],
["10", "business"],
["11", "gaming"],
["12", "gaming"],
["13", "gaming"],
["14", "gaming"],
["15", "gaming"],
["16", "gaming"],
["17", "gaming"],
["18", "gaming"],
["19", "gaming"],
["20", "gaming"],
["21", "business"],
["22", "business"],
["23", "business"],
["24", "business"],
["25", "business"],
["26", "business"],
["27", "business"],
["28", "business"],
["29", "business"],
["30", "business"],
["31", "gaming"],
["32", "gaming"],
["33", "gaming"],
["34", "gaming"],
["35", "gaming"],
["36", "gaming"],
["37", "gaming"],
["38", "gaming"],
["39", "gaming"],
["40", "gaming"],
["41", "business"],
["42", "business"],
["43", "business"],
["44", "business"],
["45", "business"],
["46", "business"],
["47", "business"],
["48", "business"],
["49", "business"],
["50", "business"],
["51", "gaming"],
["52", "gaming"],
["53", "gaming"],
["54", "gaming"],
["55", "gaming"],
["56", "gaming"],
["57", "gaming"],
["58", "gaming"],
["59", "gaming"],
["60", "gaming"],
["61", "business"],
["62", "business"],
["63", "business"],
["64", "business"],
["65", "business"],
["66", "business"],
["67", "business"],
["68", "business"],
["69", "gaming"],
["70", "gaming"],
["71", "gaming"],
["72", "gaming"],
["73", "gaming"],
["74", "gaming"],
["75", "gaming"],
["76", "gaming"],
["77", "gaming"],
["78", "gaming"],
["79", "gaming"],
["80", "gaming"],
["81", "gaming"],
["82", "gaming"],
["83", "gaming"],
["84", "gaming"],
["85", "gaming"],
["86", "gaming"],
["87", "gaming"],
["88", "gaming"],
["89", "business"],
["90", "business"],
["91", "business"],
["92", "business"],
["93", "business"],
["94", "business"],
["95", "business"],
["96", "business"],
["97", "business"],
["98", "business"],
["99", "business"],
["100", "business"]
]
