[
["1", "da"],
["2", "nu"],
["3", "nu"],
["4", "nu"],
["5", "nu"],
["6", "da"],
["7", "nu"],
["8", "da"],
["9", "nu"],
["10", "nu"],
["11", "da"],
["12", "nu"],
["13", "nu"],
["14", "nu"],
["15", "nu"],
["16", "nu"],
["17", "da"],
["18", "nu"],
["19", "da"],
["20", "da"],
["21", "nu"],
["22", "nu"],
["23", "nu"],
["24", "nu"],
["25", "nu"],
["26", "nu"],
["27", "nu"],
["28", "nu"],
["29", "da"],
["30", "nu"],
["31", "da"],
["32", "da"],
["33", "da"],
["34", "da"],
["35", "da"],
["36", "da"],
["37", "da"],
["38", "nu"],
["39", "da"],
["40", "da"],
["41", "da"],
["42", "nu"],
["43", "da"],
["44", "da"],
["45", "nu"],
["46", "nu"],
["47", "da"],
["48", "nu"],
["49", "da"],
["50", "nu"],
["51", "da"],
["52", "da"],
["53", "nu"],
["54", "nu"],
["55", "nu"],
["56", "nu"],
["57", "nu"],
["58", "nu"],
["59", "da"],
["60", "nu"],
["61", "nu"],
["62", "nu"],
["63", "nu"],
["64", "nu"],
["65", "nu"],
["66", "nu"],
["67", "nu"],
["68", "nu"],
["69", "nu"],
["70", "nu"],
["71", "nu"],
["72", "nu"],
["73", "nu"],
["74", "nu"],
["75", "nu"],
["76", "nu"],
["77", "da"],
["78", "da"],
["79", "nu"],
["80", "da"],
["81", "nu"],
["82", "nu"],
["83", "da"],
["84", "nu"],
["85", "da"],
["86", "da"],
["87", "da"],
["88", "da"],
["89", "nu"],
["90", "nu"],
["91", "nu"],
["92", "nu"],
["93", "nu"],
["94", "nu"],
["95", "nu"],
["96", "nu"],
["97", "nu"],
["98", "nu"],
["99", "nu"],
["100", "nu"]
]
