[
["1", "HP 17.3\" ProBook 470 G5"],
["2", "HP 15.6\" 255 G7"],
["3", "HP 15.6\" ProBook 450 G6"],
["4", "HP 15.6\" 255 G7"],
["5", "HP 17.3\" ProBook 470 G5"],
["6", "HP 15.6\" ProBook 450 G6"],
["7", "HP 17.3\" ProBook 470 G5"],
["8", "HP 17.3\" ProBook 470 G5"],
["9", "HP 17.3\" ProBook 470 G5"],
["10", "HP 15.6\" ProBook 450 G6"],
["11", "HP Gaming 15.6\" Pavilion 15-ec0003nq"],
["12", "HP Gaming 15.6\" OMEN 15-dc1040nq"],
["13", "HP Gaming 15.6\" Pavilion 15-dk0032nq"],
["14", "HP Gaming 15.6\" Pavilion 15-ec0005nq"],
["15", "HP Gaming 15.6\" Pavilion 15-dk0029nq"],
["16", "HP Gaming 15.6\" Pavilion 15-ec0004nq"],
["17", "HP Gaming 15.6\" Pavilion 15-dk0036nq"],
["18", "HP Gaming 15.6\" OMEN X"],
["19", "HP Gaming 15.6\" OMEN 15-dh0010nq"],
["20", "HP Gaming 15.6\" OMEN 15-dc1050nq"],
["21", "DELL 15.6\" Vostro 3584 (seria 3000)"],
["22", "DELL 15.6\" Vostro 3580 (seria 3000)"],
["23", "DELL 15.6\" Vostro 5568 (seria 5000)"],
["24", "DELL 14\" Vostro 3490 (seria 3000)"],
["25", "DELL 15.6\" Vostro 3584 (seria 3000)"],
["26", "DELL 15.6\" Vostro 5590 (seria 5000)"],
["27", "DELL 15.6\" Vostro 3590 (seria 3000)"],
["28", "DELL 15.6\" Vostro 3590 (seria 3000)"],
["29", "DELL 14\" Vostro 3480 (seria 3000)"],
["30", "DELL 15.6\" Vostro 5590 (seria 5000)"],
["31", "DELL Gaming 15.6\" G5 5587"],
["32", "DELL Gaming 17.3\" G3 3779"],
["33", "DELL Gaming 17.3\" G3 3779"],
["34", "DELL Gaming 17.3\" G7 7790"],
["35", "DELL Gaming 17.3\" G3 3779"],
["36", "DELL Gaming 17.3\" G3 3779"],
["37", "DELL Gaming 15.6\" G3 3590"],
["38", "DELL Gaming 15.6\" G3 3590"],
["39", "DELL Gaming 15.6\" G3 3590"],
["40", "DELL Gaming 15.6\" G5 5590"],
["41", "Lenovo 15.6\" V130 IKB"],
["42", "Lenovo 15.6\" ThinkPad E590"],
["43", "Lenovo 15.6\" V130 IKB"],
["44", "Lenovo 15.6\" V130 IKB"],
["45", "Lenovo 15.6\" ThinkPad E590"],
["46", "Lenovo 15.6\" V330 IKB"],
["47", "Lenovo 15.6\" V130 IKB"],
["48", "Lenovo 15.6\" ThinkBook 15 IML"],
["49", "Lenovo 14\" V330 IKB"],
["50", "Lenovo 13.3\" ThinkBook 13s-IWL"],
["51", "Lenovo Gaming 15.6\" Legion Y530"],
["52", "Lenovo Gaming 15.6\" Legion Y530"],
["53", "Lenovo Gaming 17.3\" Legion Y540"],
["54", "Lenovo Gaming 15.6\" Legion Y7000"],
["55", "Lenovo Gaming 15.6\" Legion Y540"],
["56", "Lenovo Gaming 15.6\" Legion Y540"],
["57", "Lenovo Gaming 17.3\" Legion Y540"],
["58", "Lenovo Gaming 15.6\" Legion Y7000"],
["59", "Lenovo Gaming 15.6\" IdeaPad L340"],
["60", "Lenovo Gaming 15.6\" Legion Y7000"],
["61", "ASUS 15.6\" P3540FA"],
["62", "ASUS 15.6\" P3540FA"],
["63", "ASUS 14\" P5440FA"],
["64", "ASUS 15.6\" P3540FA"],
["65", "ASUS 15.6\" P3540FA"],
["66", "ASUS 15.6\" P3540FA"],
["67", "ASUS 15.6\" P3540FA"],
["68", "ASUS 15.6\" P2540FB"],
["69", "ASUS Gaming 15.6\" TUF FX505DT"],
["70", "ASUS Gaming 17.3\" ROG Strix G G731GT"],
["71", "ASUS Gaming 15.6\" TUF FX505DD"],
["72", "ASUS Gaming 15.6\" ROG Strix G G531GT"],
["73", "ASUS Gaming 15.6\" TUF FX505DT"],
["74", "ASUS Gaming 15.6\" TUF FX505DV"],
["75", "ASUS Gaming 17.3\" ROG Strix G731GU"],
["76", "ASUS Gaming 15.6\" ROG Strix G G531GU"],
["77", "ASUS Gaming 17.3\" ROG Strix G731GU"],
["78", "ASUS Gaming 15.6\" TUF FX505GM"],
["79", "Acer Gaming 15.6\" Nitro 7 AN715-51"],
["80", "Acer Gaming 17.3\" Predator Helios 300 PH317-53"],
["81", "Acer Gaming 15.6\" Nitro 7 AN715-51"],
["82", "Acer Gaming 17.3\" Predator Helios 300 PH317-53"],
["83", "Acer Gaming 17.3\" Predator Helios 300 PH317-53"],
["84", "Acer Gaming 15.6\" Nitro 5 AN515-54"],
["85", "Acer Gaming 17.3\" Predator Helios 300 PH317-53"],
["86", "Acer Gaming 17.3\" Predator Helios 300 PH317-53"],
["87", "Acer Gaming 15.6\" Nitro 5 AN515-54"],
["88", "Acer Gaming 17.3\" Predator Helios 300 PH317-53"],
["89", "Apple 15.4\" The New MacBook Pro 15"],
["90", "Apple 15.4\" The New MacBook Pro 15"],
["91", "Apple 15.4\" The New MacBook Pro 15"],
["92", "Apple 13.3\" MacBook Pro 13"],
["93", "Apple 13.3\" The New MacBook Pro 13"],
["94", "Apple 16\" MacBook Pro 16"],
["95", "Apple 15.4\" The New MacBook Pro 15"],
["96", "ASUS 14'' ZenBook Flip 14 UX463FA"],
["97", "ASUS 13.3'' ZenBook Flip S UX370UA"],
["98", "Acer 14'' Swift 3 SF314-57"],
["99", "Acer 14'' Swift 5 SF514-54T"],
["100", "Acer 14'' Swift 5 SF514-54T"]
]
