[
["1", "nvidia"],
["2", "amd"],
["3", "nvidia"],
["4", "amd"],
["5", "nvidia"],
["6", "intel"],
["7", "nvidia"],
["8", "nvidia"],
["9", "nvidia"],
["10", "intel"],
["11", "nvidia"],
["12", "nvidia"],
["13", "nvidia"],
["14", "nvidia"],
["15", "nvidia"],
["16", "nvidia"],
["17", "nvidia"],
["18", "nvidia"],
["19", "nvidia"],
["20", "nvidia"],
["21", "intel"],
["22", "amd"],
["23", "nvidia"],
["24", "intel"],
["25", "intel"],
["26", "nvidia"],
["27", "intel"],
["28", "amd"],
["29", "intel"],
["30", "nvidia"],
["31", "nvidia"],
["32", "nvidia"],
["33", "nvidia"],
["34", "nvidia"],
["35", "nvidia"],
["36", "nvidia"],
["37", "nvidia"],
["38", "nvidia"],
["39", "nvidia"],
["40", "nvidia"],
["41", "intel"],
["42", "intel"],
["43", "amd"],
["44", "amd"],
["45", "amd"],
["46", "amd"],
["47", "intel"],
["48", "intel"],
["49", "intel"],
["50", "intel"],
["51", "nvidia"],
["52", "nvidia"],
["53", "nvidia"],
["54", "nvidia"],
["55", "nvidia"],
["56", "nvidia"],
["57", "nvidia"],
["58", "nvidia"],
["59", "nvidia"],
["60", "nvidia"],
["61", "intel"],
["62", "intel"],
["63", "intel"],
["64", "intel"],
["65", "intel"],
["66", "intel"],
["67", "intel"],
["68", "nvidia"],
["69", "nvidia"],
["70", "nvidia"],
["71", "nvidia"],
["72", "nvidia"],
["73", "nvidia"],
["74", "nvidia"],
["75", "nvidia"],
["76", "nvidia"],
["77", "nvidia"],
["78", "nvidia"],
["79", "nvidia"],
["80", "nvidia"],
["81", "nvidia"],
["82", "nvidia"],
["83", "nvidia"],
["84", "nvidia"],
["85", "nvidia"],
["86", "nvidia"],
["87", "nvidia"],
["88", "nvidia"],
["89", "amd"],
["90", "amd"],
["91", "amd"],
["92", "intel"],
["93", "intel"],
["94", "amd"],
["95", "amd"],
["96", "intel"],
["97", "intel"],
["98", "intel"],
["99", "intel"],
["100", "intel"]
]
