[
["1", "intel"],
["2", "amd"],
["3", "intel"],
["4", "amd"],
["5", "intel"],
["6", "intel"],
["7", "intel"],
["8", "intel"],
["9", "intel"],
["10", "intel"],
["11", "amd"],
["12", "intel"],
["13", "intel"],
["14", "amd"],
["15", "intel"],
["16", "amd"],
["17", "intel"],
["18", "intel"],
["19", "intel"],
["20", "intel"],
["21", "intel"],
["22", "intel"],
["23", "intel"],
["24", "intel"],
["25", "intel"],
["26", "intel"],
["27", "intel"],
["28", "intel"],
["29", "intel"],
["30", "intel"],
["31", "intel"],
["32", "intel"],
["33", "intel"],
["34", "intel"],
["35", "intel"],
["36", "intel"],
["37", "intel"],
["38", "intel"],
["39", "intel"],
["40", "intel"],
["41", "intel"],
["42", "intel"],
["43", "intel"],
["44", "intel"],
["45", "intel"],
["46", "intel"],
["47", "intel"],
["48", "intel"],
["49", "intel"],
["50", "intel"],
["51", "intel"],
["52", "intel"],
["53", "intel"],
["54", "intel"],
["55", "intel"],
["56", "intel"],
["57", "intel"],
["58", "intel"],
["59", "intel"],
["60", "intel"],
["61", "intel"],
["62", "intel"],
["63", "intel"],
["64", "intel"],
["65", "intel"],
["66", "intel"],
["67", "intel"],
["68", "intel"],
["69", "amd"],
["70", "intel"],
["71", "amd"],
["72", "intel"],
["73", "amd"],
["74", "amd"],
["75", "intel"],
["76", "intel"],
["77", "intel"],
["78", "amd"],
["79", "intel"],
["80", "intel"],
["81", "intel"],
["82", "intel"],
["83", "intel"],
["84", "intel"],
["85", "intel"],
["86", "intel"],
["87", "intel"],
["88", "intel"],
["89", "intel"],
["90", "intel"],
["91", "intel"],
["92", "intel"],
["93", "intel"],
["94", "intel"],
["95", "intel"],
["96", "intel"],
["97", "intel"],
["98", "intel"],
["99", "intel"],
["100", "intel"]
]
