[
["1", "hp"],
["2", "hp"],
["3", "hp"],
["4", "hp"],
["5", "hp"],
["6", "hp"],
["7", "hp"],
["8", "hp"],
["9", "hp"],
["10", "hp"],
["11", "hp"],
["12", "hp"],
["13", "hp"],
["14", "hp"],
["15", "hp"],
["16", "hp"],
["17", "hp"],
["18", "hp"],
["19", "hp"],
["20", "hp"],
["21", "dell"],
["22", "dell"],
["23", "dell"],
["24", "dell"],
["25", "dell"],
["26", "dell"],
["27", "dell"],
["28", "dell"],
["29", "dell"],
["30", "dell"],
["31", "dell"],
["32", "dell"],
["33", "dell"],
["34", "dell"],
["35", "dell"],
["36", "dell"],
["37", "dell"],
["38", "dell"],
["39", "dell"],
["40", "dell"],
["41", "lenovo"],
["42", "lenovo"],
["43", "lenovo"],
["44", "lenovo"],
["45", "lenovo"],
["46", "lenovo"],
["47", "lenovo"],
["48", "lenovo"],
["49", "lenovo"],
["50", "lenovo"],
["51", "lenovo"],
["52", "lenovo"],
["53", "lenovo"],
["54", "lenovo"],
["55", "lenovo"],
["56", "lenovo"],
["57", "lenovo"],
["58", "lenovo"],
["59", "lenovo"],
["60", "lenovo"],
["61", "asus"],
["62", "asus"],
["63", "asus"],
["64", "asus"],
["65", "asus"],
["66", "asus"],
["67", "asus"],
["68", "asus"],
["69", "asus"],
["70", "asus"],
["71", "asus"],
["72", "asus"],
["73", "asus"],
["74", "asus"],
["75", "asus"],
["76", "asus"],
["77", "asus"],
["78", "asus"],
["79", "acer"],
["80", "acer"],
["81", "acer"],
["82", "acer"],
["83", "acer"],
["84", "acer"],
["85", "acer"],
["86", "acer"],
["87", "acer"],
["88", "acer"],
["89", "apple"],
["90", "apple"],
["91", "apple"],
["92", "apple"],
["93", "apple"],
["94", "apple"],
["95", "apple"],
["96", "asus"],
["97", "asus"],
["98", "acer"],
["99", "acer"],
["100", "acer"]
]
