[
["1", "windows10"],
["2", "freedos"],
["3", "freedos"],
["4", "freedos"],
["5", "windows10"],
["6", "freedos"],
["7", "windows10"],
["8", "windows10"],
["9", "windows10"],
["10", "windows10"],
["11", "freedos"],
["12", "freedos"],
["13", "freedos"],
["14", "freedos"],
["15", "freedos"],
["16", "freedos"],
["17", "freedos"],
["18", "windows10"],
["19", "freedos"],
["20", "freedos"],
["21", "linux"],
["22", "windows10"],
["23", "linux"],
["24", "linux"],
["25", "windows10"],
["26", "linux"],
["27", "linux"],
["28", "linux"],
["29", "windows10"],
["30", "linux"],
["31", "linux"],
["32", "linux"],
["33", "linux"],
["34", "windows10"],
["35", "windows10"],
["36", "linux"],
["37", "linux"],
["38", "linux"],
["39", "linux"],
["40", "windows10"],
["41", "freedos"],
["42", ""],
["43", ""],
["44", ""],
["45", "freedos"],
["46", ""],
["47", "freedos"],
["48", ""],
["49", "windows10"],
["50", "windows10"],
["51", "freedos"],
["52", "freedos"],
["53", "freedos"],
["54", "freedos"],
["55", "freedos"],
["56", "freedos"],
["57", "freedos"],
["58", "freedos"],
["59", "freedos"],
["60", "freedos"],
["61", "windows10"],
["62", "windows10"],
["63", "windows10"],
["64", "endlessos"],
["65", "endlessos"],
["66", "endlessos"],
["67", "endlessos"],
["68", "endlessos"],
["69", ""],
["70", ""],
["71", ""],
["72", ""],
["73", ""],
["74", ""],
["75", ""],
["76", ""],
["77", ""],
["78", ""],
["79", "linux"],
["80", "windows10"],
["81", "linux"],
["82", "windows10"],
["83", "windows10"],
["84", "linux"],
["85", "windows10"],
["86", "windows10"],
["87", "linux"],
["88", "windows10"],
["89", "macos"],
["90", "macos"],
["91", "macos"],
["92", "macos"],
["93", "macos"],
["94", "macos"],
["95", "macos"],
["96", "windows10"],
["97", "windows10"],
["98", "windows10"],
["99", "linux"],
["100", "windows10"]
]
