[
["1", "da"],
["2", "da"],
["3", "da"],
["4", "da"],
["5", "da"],
["6", "da"],
["7", "da"],
["8", "da"],
["9", "da"],
["10", "da"],
["11", "da"],
["12", "da"],
["13", "da"],
["14", "da"],
["15", "da"],
["16", "da"],
["17", "da"],
["18", "da"],
["19", "da"],
["20", "da"],
["21", "da"],
["22", "da"],
["23", "da"],
["24", "da"],
["25", "da"],
["26", "da"],
["27", "da"],
["28", "da"],
["29", "nu"],
["30", "da"],
["31", "da"],
["32", "da"],
["33", "da"],
["34", "da"],
["35", "da"],
["36", "da"],
["37", "da"],
["38", "da"],
["39", "da"],
["40", "da"],
["41", "nu"],
["42", "da"],
["43", "nu"],
["44", "nu"],
["45", "da"],
["46", "da"],
["47", "nu"],
["48", "da"],
["49", "nu"],
["50", "da"],
["51", "nu"],
["52", "da"],
["53", "da"],
["54", "da"],
["55", "da"],
["56", "da"],
["57", "da"],
["58", "da"],
["59", "da"],
["60", "da"],
["61", "da"],
["62", "da"],
["63", "da"],
["64", "da"],
["65", "da"],
["66", "da"],
["67", "da"],
["68", "da"],
["69", "da"],
["70", "da"],
["71", "da"],
["72", "da"],
["73", "da"],
["74", "da"],
["75", "da"],
["76", "da"],
["77", "da"],
["78", "da"],
["79", "da"],
["80", "da"],
["81", "da"],
["82", "da"],
["83", "da"],
["84", "da"],
["85", "da"],
["86", "nu"],
["87", "nu"],
["88", "da"],
["89", "da"],
["90", "da"],
["91", "da"],
["92", "da"],
["93", "da"],
["94", "da"],
["95", "da"],
["96", "da"],
["97", "da"],
["98", "da"],
["99", "da"],
["100", "da"]
]
